------------------------------------------------------------
TimeQuest Timing Analyzer Summary
------------------------------------------------------------

Type  : Slow Model Setup '27Mhz'
Slack : -3.159
TNS   : -49.335

Type  : Slow Model Setup 'frecuencia60hz:inst7|lpm_counter0:inst2|lpm_counter:LPM_COUNTER_component|cntr_05i:auto_generated|safe_q[0]'
Slack : -0.910
TNS   : -4.418

Type  : Slow Model Hold '27Mhz'
Slack : -1.606
TNS   : -11.063

Type  : Slow Model Hold 'frecuencia60hz:inst7|lpm_counter0:inst2|lpm_counter:LPM_COUNTER_component|cntr_05i:auto_generated|safe_q[0]'
Slack : 0.774
TNS   : 0.000

Type  : Slow Model Minimum Pulse Width '27Mhz'
Slack : -1.631
TNS   : -22.405

Type  : Slow Model Minimum Pulse Width 'frecuencia60hz:inst7|lpm_counter0:inst2|lpm_counter:LPM_COUNTER_component|cntr_05i:auto_generated|safe_q[0]'
Slack : -0.611
TNS   : -9.776

Type  : Fast Model Setup '27Mhz'
Slack : -0.607
TNS   : -8.735

Type  : Fast Model Setup 'frecuencia60hz:inst7|lpm_counter0:inst2|lpm_counter:LPM_COUNTER_component|cntr_05i:auto_generated|safe_q[0]'
Slack : 0.241
TNS   : 0.000

Type  : Fast Model Hold '27Mhz'
Slack : -0.913
TNS   : -8.865

Type  : Fast Model Hold 'frecuencia60hz:inst7|lpm_counter0:inst2|lpm_counter:LPM_COUNTER_component|cntr_05i:auto_generated|safe_q[0]'
Slack : 0.320
TNS   : 0.000

Type  : Fast Model Minimum Pulse Width '27Mhz'
Slack : -1.380
TNS   : -18.380

Type  : Fast Model Minimum Pulse Width 'frecuencia60hz:inst7|lpm_counter0:inst2|lpm_counter:LPM_COUNTER_component|cntr_05i:auto_generated|safe_q[0]'
Slack : -0.500
TNS   : -8.000

------------------------------------------------------------
